<!DOCTYPE html PUBLIC "-//W3C//DTD XHTML 1.0 Transitional//EN" "http://www.w3.org/TR/xhtml1/DTD/xhtml1-transitional.dtd"><html xmlns="http://www.w3.org/1999/xhtml"><head><link rel="stylesheet" type="text/css" href="style.css" /><script type="text/javascript" src="highlight.js"></script></head><body><pre><span class="hs-pragma">{-# LANGUAGE DeriveAnyClass     #-}</span><span>
</span><a name="line-2"></a><span class="hs-pragma">{-# LANGUAGE DeriveGeneric      #-}</span><span>
</span><a name="line-3"></a><span class="hs-pragma">{-# LANGUAGE StandaloneDeriving #-}</span><span>
</span><a name="line-4"></a><span class="hs-pragma">{-# OPTIONS_GHC -Wno-orphans #-}</span><span>
</span><a name="line-5"></a><span class="hs-keyword">module</span><span> </span><span class="hs-identifier">Test.Util.Golden</span><span>
</span><a name="line-6"></a><span>  </span><span class="hs-special">(</span><span> </span><a href="Test.Util.Golden.html#goldenTestCBOR"><span class="hs-identifier hs-var">goldenTestCBOR</span></a><span>
</span><a name="line-7"></a><span>  </span><span class="hs-special">)</span><span> </span><span class="hs-keyword">where</span><span>
</span><a name="line-8"></a><span>
</span><a name="line-9"></a><span class="hs-keyword">import</span><span>           </span><a href="file:///home/coot/.cabal/store/ghc-8.6.5/cborg-0.2.2.1-406c2e0420cb72846af05d9ad9c1821006ee50212babaa21afe2f9f9124a228d/share/doc/html/src/Codec.CBOR.Encoding.html"><span class="hs-identifier">Codec.CBOR.Encoding</span></a><span> </span><span class="hs-special">(</span><a href="file:///home/coot/.cabal/store/ghc-8.6.5/cborg-0.2.2.1-406c2e0420cb72846af05d9ad9c1821006ee50212babaa21afe2f9f9124a228d/share/doc/html/src/Codec.CBOR.Encoding.html#Encoding"><span class="hs-identifier hs-type">Encoding</span></a><span class="hs-special">)</span><span>
</span><a name="line-10"></a><span class="hs-keyword">import</span><span>           </span><a href="file:///home/coot/.cabal/store/ghc-8.6.5/cborg-0.2.2.1-406c2e0420cb72846af05d9ad9c1821006ee50212babaa21afe2f9f9124a228d/share/doc/html/src/Codec.CBOR.FlatTerm.html"><span class="hs-identifier">Codec.CBOR.FlatTerm</span></a><span> </span><span class="hs-special">(</span><a href="file:///home/coot/.cabal/store/ghc-8.6.5/cborg-0.2.2.1-406c2e0420cb72846af05d9ad9c1821006ee50212babaa21afe2f9f9124a228d/share/doc/html/src/Codec.CBOR.FlatTerm.html#FlatTerm"><span class="hs-identifier hs-type">FlatTerm</span></a><span class="hs-special">,</span><span> </span><a href="file:///home/coot/.cabal/store/ghc-8.6.5/cborg-0.2.2.1-406c2e0420cb72846af05d9ad9c1821006ee50212babaa21afe2f9f9124a228d/share/doc/html/src/Codec.CBOR.FlatTerm.html#TermToken"><span class="hs-identifier hs-type">TermToken</span></a><span> </span><span class="hs-special">(</span><span class="hs-glyph">..</span><span class="hs-special">)</span><span class="hs-special">,</span><span> </span><a href="file:///home/coot/.cabal/store/ghc-8.6.5/cborg-0.2.2.1-406c2e0420cb72846af05d9ad9c1821006ee50212babaa21afe2f9f9124a228d/share/doc/html/src/Codec.CBOR.FlatTerm.html#toFlatTerm"><span class="hs-identifier hs-var">toFlatTerm</span></a><span class="hs-special">)</span><span>
</span><a name="line-11"></a><span class="hs-keyword">import</span><span>           </span><a href="file:///home/coot/.ghcup/ghc/8.6.5/share/doc/ghc-8.6.5/html/libraries/base-4.12.0.0/src/Data.List.html"><span class="hs-identifier">Data.List</span></a><span> </span><span class="hs-special">(</span><a href="file:///home/coot/.ghcup/ghc/8.6.5/share/doc/ghc-8.6.5/html/libraries/base-4.12.0.0/src/Data.OldList.html#intercalate"><span class="hs-identifier hs-var">intercalate</span></a><span class="hs-special">)</span><span>
</span><a name="line-12"></a><span class="hs-keyword">import</span><span>           </span><a href="file:///home/coot/.cabal/store/ghc-8.6.5/tree-diff-0.1-70f3c8ea54edcdb0e71cc387482cc844420526c9662dec84da33cec0a9ab3232/share/doc/html/src/Data.TreeDiff.html"><span class="hs-identifier">Data.TreeDiff</span></a><span> </span><span class="hs-special">(</span><a href="file:///home/coot/.cabal/store/ghc-8.6.5/tree-diff-0.1-70f3c8ea54edcdb0e71cc387482cc844420526c9662dec84da33cec0a9ab3232/share/doc/html/src/Data.TreeDiff.Class.html#ToExpr"><span class="hs-identifier hs-type">ToExpr</span></a><span class="hs-special">,</span><span> </span><a href="file:///home/coot/.cabal/store/ghc-8.6.5/tree-diff-0.1-70f3c8ea54edcdb0e71cc387482cc844420526c9662dec84da33cec0a9ab3232/share/doc/html/src/Data.TreeDiff.Pretty.html#ansiWlEditExpr"><span class="hs-identifier hs-var">ansiWlEditExpr</span></a><span class="hs-special">,</span><span> </span><a href="file:///home/coot/.cabal/store/ghc-8.6.5/tree-diff-0.1-70f3c8ea54edcdb0e71cc387482cc844420526c9662dec84da33cec0a9ab3232/share/doc/html/src/Data.TreeDiff.Class.html#ediff"><span class="hs-identifier hs-var">ediff</span></a><span class="hs-special">)</span><span>
</span><a name="line-13"></a><span class="hs-keyword">import</span><span>           </span><a href="file:///home/coot/.ghcup/ghc/8.6.5/share/doc/ghc-8.6.5/html/libraries/base-4.12.0.0/src/GHC.Generics.html"><span class="hs-identifier">GHC.Generics</span></a><span> </span><span class="hs-special">(</span><a href="file:///home/coot/.ghcup/ghc/8.6.5/share/doc/ghc-8.6.5/html/libraries/base-4.12.0.0/src/GHC.Generics.html#Generic"><span class="hs-identifier hs-type">Generic</span></a><span class="hs-special">)</span><span>
</span><a name="line-14"></a><span class="hs-keyword">import</span><span>           </span><a href="file:///home/coot/.ghcup/ghc/8.6.5/share/doc/ghc-8.6.5/html/libraries/base-4.12.0.0/src/GHC.Stack.html"><span class="hs-identifier">GHC.Stack</span></a><span> </span><span class="hs-special">(</span><a href="file:///home/coot/.ghcup/ghc/8.6.5/share/doc/ghc-8.6.5/html/libraries/base-4.12.0.0/src/GHC.Stack.Types.html#HasCallStack"><span class="hs-identifier hs-type">HasCallStack</span></a><span class="hs-special">)</span><span>
</span><a name="line-15"></a><span>
</span><a name="line-16"></a><span class="hs-keyword">import</span><span>           </span><a href="file:///home/coot/.cabal/store/ghc-8.6.5/tasty-hunit-0.10.0.2-38309595b16ef79e2f20c4331b5380c304465b5fe86ad0037555c0d47b01ee7c/share/doc/html/src/Test.Tasty.HUnit.html"><span class="hs-identifier">Test.Tasty.HUnit</span></a><span>
</span><a name="line-17"></a><span>
</span><a name="line-18"></a><span class="hs-comment">-- | Test whether the encoding of the given example value matches the expected</span><span>
</span><a name="line-19"></a><span class="hs-comment">-- encoding, given as a 'FlatTerm'.</span><span>
</span><a name="line-20"></a><span class="hs-comment">--</span><span>
</span><a name="line-21"></a><span class="hs-comment">-- Hint: when writing the test, just pass an empty expected 'FlatTerm', a</span><span>
</span><a name="line-22"></a><span class="hs-comment">-- pastable one will be printed.</span><span>
</span><a name="line-23"></a><span class="hs-identifier">goldenTestCBOR</span><span>
</span><a name="line-24"></a><span>  </span><span class="hs-glyph">::</span><span> </span><a href="file:///home/coot/.ghcup/ghc/8.6.5/share/doc/ghc-8.6.5/html/libraries/base-4.12.0.0/src/GHC.Stack.Types.html#HasCallStack"><span class="hs-identifier hs-type">HasCallStack</span></a><span>
</span><a name="line-25"></a><span>  </span><span class="hs-glyph">=&gt;</span><span> </span><span class="hs-special">(</span><a href="#local-6989586621679184744"><span class="hs-identifier hs-type">a</span></a><span> </span><span class="hs-glyph">-&gt;</span><span> </span><a href="file:///home/coot/.cabal/store/ghc-8.6.5/cborg-0.2.2.1-406c2e0420cb72846af05d9ad9c1821006ee50212babaa21afe2f9f9124a228d/share/doc/html/src/Codec.CBOR.Encoding.html#Encoding"><span class="hs-identifier hs-type">Encoding</span></a><span class="hs-special">)</span><span> </span><span class="hs-comment">-- ^ Encoder</span><span>
</span><a name="line-26"></a><span>  </span><span class="hs-glyph">-&gt;</span><span> </span><a href="#local-6989586621679184744"><span class="hs-identifier hs-type">a</span></a><span>               </span><span class="hs-comment">-- ^ Example value to use for the golden test</span><span>
</span><a name="line-27"></a><span>  </span><span class="hs-glyph">-&gt;</span><span> </span><a href="file:///home/coot/.cabal/store/ghc-8.6.5/cborg-0.2.2.1-406c2e0420cb72846af05d9ad9c1821006ee50212babaa21afe2f9f9124a228d/share/doc/html/src/Codec.CBOR.FlatTerm.html#FlatTerm"><span class="hs-identifier hs-type">FlatTerm</span></a><span>        </span><span class="hs-comment">-- ^ Expected CBOR (flat) encoding</span><span>
</span><a name="line-28"></a><span>  </span><span class="hs-glyph">-&gt;</span><span> </span><a href="file:///home/coot/.cabal/store/ghc-8.6.5/tasty-hunit-0.10.0.2-38309595b16ef79e2f20c4331b5380c304465b5fe86ad0037555c0d47b01ee7c/share/doc/html/src/Test.Tasty.HUnit.Orig.html#Assertion"><span class="hs-identifier hs-type">Assertion</span></a><span>
</span><a name="line-29"></a><a name="goldenTestCBOR"><a href="Test.Util.Golden.html#goldenTestCBOR"><span class="hs-identifier">goldenTestCBOR</span></a></a><span> </span><a name="local-6989586621679184967"><a href="#local-6989586621679184967"><span class="hs-identifier">enc</span></a></a><span> </span><a name="local-6989586621679184968"><a href="#local-6989586621679184968"><span class="hs-identifier">a</span></a></a><span> </span><a name="local-6989586621679184969"><a href="#local-6989586621679184969"><span class="hs-identifier">expectedFlatTerm</span></a></a><span> </span><span class="hs-glyph">=</span><span>
</span><a name="line-30"></a><span>    </span><a href="file:///home/coot/.cabal/store/ghc-8.6.5/tasty-hunit-0.10.0.2-38309595b16ef79e2f20c4331b5380c304465b5fe86ad0037555c0d47b01ee7c/share/doc/html/src/Test.Tasty.HUnit.Orig.html#assertBool"><span class="hs-identifier hs-var">assertBool</span></a><span> </span><a href="#local-6989586621679184971"><span class="hs-identifier hs-var">msg</span></a><span> </span><span class="hs-special">(</span><a href="#local-6989586621679184970"><span class="hs-identifier hs-var">actualFlatTerm</span></a><span> </span><a href="file:///home/coot/.ghcup/ghc/8.6.5/share/doc/ghc-8.6.5/html/libraries/ghc-prim-0.5.3/src/GHC.Classes.html#%3D%3D"><span class="hs-operator hs-var">==</span></a><span> </span><a href="#local-6989586621679184969"><span class="hs-identifier hs-var">expectedFlatTerm</span></a><span class="hs-special">)</span><span>
</span><a name="line-31"></a><span>  </span><span class="hs-keyword">where</span><span>
</span><a name="line-32"></a><span>    </span><a name="local-6989586621679184970"><a href="#local-6989586621679184970"><span class="hs-identifier">actualFlatTerm</span></a></a><span> </span><span class="hs-glyph">=</span><span> </span><a href="file:///home/coot/.cabal/store/ghc-8.6.5/cborg-0.2.2.1-406c2e0420cb72846af05d9ad9c1821006ee50212babaa21afe2f9f9124a228d/share/doc/html/src/Codec.CBOR.FlatTerm.html#toFlatTerm"><span class="hs-identifier hs-var">toFlatTerm</span></a><span> </span><a href="file:///home/coot/.ghcup/ghc/8.6.5/share/doc/ghc-8.6.5/html/libraries/base-4.12.0.0/src/GHC.Base.html#%24"><span class="hs-operator hs-var">$</span></a><span> </span><a href="#local-6989586621679184967"><span class="hs-identifier hs-var">enc</span></a><span> </span><a href="#local-6989586621679184968"><span class="hs-identifier hs-var">a</span></a><span>
</span><a name="line-33"></a><span>
</span><a name="line-34"></a><span>    </span><a name="local-6989586621679184971"><a href="#local-6989586621679184971"><span class="hs-identifier">msg</span></a></a><span>
</span><a name="line-35"></a><span>      </span><span class="hs-glyph">|</span><span> </span><a href="file:///home/coot/.ghcup/ghc/8.6.5/share/doc/ghc-8.6.5/html/libraries/base-4.12.0.0/src/Data.Foldable.html#null"><span class="hs-identifier hs-var">null</span></a><span> </span><a href="#local-6989586621679184969"><span class="hs-identifier hs-var">expectedFlatTerm</span></a><span>
</span><a name="line-36"></a><span>      </span><span class="hs-glyph">=</span><span> </span><span class="hs-string">&quot;Running with an empty expected value, actual value is:\n&quot;</span><span> </span><a href="file:///home/coot/.ghcup/ghc/8.6.5/share/doc/ghc-8.6.5/html/libraries/base-4.12.0.0/src/GHC.Base.html#%3C%3E"><span class="hs-operator hs-var">&lt;&gt;</span></a><span>
</span><a name="line-37"></a><span>        </span><a href="Test.Util.Golden.html#pprintList"><span class="hs-identifier hs-var">pprintList</span></a><span> </span><a href="#local-6989586621679184970"><span class="hs-identifier hs-var">actualFlatTerm</span></a><span>
</span><a name="line-38"></a><span>      </span><span class="hs-glyph">|</span><span> </span><a href="file:///home/coot/.ghcup/ghc/8.6.5/share/doc/ghc-8.6.5/html/libraries/base-4.12.0.0/src/GHC.Base.html#otherwise"><span class="hs-identifier hs-var">otherwise</span></a><span>
</span><a name="line-39"></a><span>      </span><span class="hs-glyph">=</span><span> </span><span class="hs-string">&quot;Expected term /= actual term, diff expected actual:\n&quot;</span><span> </span><a href="file:///home/coot/.ghcup/ghc/8.6.5/share/doc/ghc-8.6.5/html/libraries/base-4.12.0.0/src/GHC.Base.html#%3C%3E"><span class="hs-operator hs-var">&lt;&gt;</span></a><span>
</span><a name="line-40"></a><span>        </span><a href="file:///home/coot/.ghcup/ghc/8.6.5/share/doc/ghc-8.6.5/html/libraries/base-4.12.0.0/src/GHC.Show.html#show"><span class="hs-identifier hs-var">show</span></a><span> </span><span class="hs-special">(</span><a href="file:///home/coot/.cabal/store/ghc-8.6.5/tree-diff-0.1-70f3c8ea54edcdb0e71cc387482cc844420526c9662dec84da33cec0a9ab3232/share/doc/html/src/Data.TreeDiff.Pretty.html#ansiWlEditExpr"><span class="hs-identifier hs-var">ansiWlEditExpr</span></a><span> </span><span class="hs-special">(</span><a href="file:///home/coot/.cabal/store/ghc-8.6.5/tree-diff-0.1-70f3c8ea54edcdb0e71cc387482cc844420526c9662dec84da33cec0a9ab3232/share/doc/html/src/Data.TreeDiff.Class.html#ediff"><span class="hs-identifier hs-var">ediff</span></a><span> </span><a href="#local-6989586621679184969"><span class="hs-identifier hs-var">expectedFlatTerm</span></a><span> </span><a href="#local-6989586621679184970"><span class="hs-identifier hs-var">actualFlatTerm</span></a><span class="hs-special">)</span><span class="hs-special">)</span><span>
</span><a name="line-41"></a><span>
</span><a name="line-42"></a><span class="hs-comment">-- | Print a list of elements as follows:</span><span>
</span><a name="line-43"></a><span class="hs-comment">--</span><span>
</span><a name="line-44"></a><span class="hs-comment">-- &gt; [ &lt;first&gt;</span><span>
</span><a name="line-45"></a><span class="hs-comment">-- &gt; , &lt;second&gt;</span><span>
</span><a name="line-46"></a><span class="hs-comment">-- &gt; , ..</span><span>
</span><a name="line-47"></a><span class="hs-comment">-- &gt; ]</span><span>
</span><a name="line-48"></a><span class="hs-comment">--</span><span>
</span><a name="line-49"></a><span class="hs-comment">-- unless the list is empty, then print &quot;[]&quot;</span><span>
</span><a name="line-50"></a><span class="hs-identifier">pprintList</span><span> </span><span class="hs-glyph">::</span><span> </span><a href="file:///home/coot/.ghcup/ghc/8.6.5/share/doc/ghc-8.6.5/html/libraries/base-4.12.0.0/src/GHC.Show.html#Show"><span class="hs-identifier hs-type">Show</span></a><span> </span><a href="#local-6989586621679184743"><span class="hs-identifier hs-type">a</span></a><span> </span><span class="hs-glyph">=&gt;</span><span> </span><span class="hs-special">[</span><a href="#local-6989586621679184743"><span class="hs-identifier hs-type">a</span></a><span class="hs-special">]</span><span> </span><span class="hs-glyph">-&gt;</span><span> </span><a href="file:///home/coot/.ghcup/ghc/8.6.5/share/doc/ghc-8.6.5/html/libraries/base-4.12.0.0/src/GHC.Base.html#String"><span class="hs-identifier hs-type">String</span></a><span>
</span><a name="line-51"></a><a name="pprintList"><a href="Test.Util.Golden.html#pprintList"><span class="hs-identifier">pprintList</span></a></a><span> </span><span class="hs-special">[</span><span class="hs-special">]</span><span> </span><span class="hs-glyph">=</span><span> </span><span class="hs-string">&quot;[]&quot;</span><span>
</span><a name="line-52"></a><span class="hs-identifier">pprintList</span><span> </span><span class="hs-special">(</span><a name="local-6989586621679185957"><a href="#local-6989586621679185957"><span class="hs-identifier">x</span></a></a><span class="hs-glyph">:</span><a name="local-6989586621679185958"><a href="#local-6989586621679185958"><span class="hs-identifier">ys</span></a></a><span class="hs-special">)</span><span> </span><span class="hs-glyph">=</span><span> </span><a href="file:///home/coot/.ghcup/ghc/8.6.5/share/doc/ghc-8.6.5/html/libraries/base-4.12.0.0/src/Data.OldList.html#intercalate"><span class="hs-identifier hs-var">intercalate</span></a><span> </span><span class="hs-string">&quot;\n&quot;</span><span> </span><a href="file:///home/coot/.ghcup/ghc/8.6.5/share/doc/ghc-8.6.5/html/libraries/base-4.12.0.0/src/GHC.Base.html#%24"><span class="hs-operator hs-var">$</span></a><span>
</span><a name="line-53"></a><span>    </span><span class="hs-special">[</span><span> </span><span class="hs-string">&quot;[ &quot;</span><span> </span><a href="file:///home/coot/.ghcup/ghc/8.6.5/share/doc/ghc-8.6.5/html/libraries/base-4.12.0.0/src/GHC.Base.html#%3C%3E"><span class="hs-operator hs-var">&lt;&gt;</span></a><span> </span><a href="file:///home/coot/.ghcup/ghc/8.6.5/share/doc/ghc-8.6.5/html/libraries/base-4.12.0.0/src/GHC.Show.html#show"><span class="hs-identifier hs-var">show</span></a><span> </span><a href="#local-6989586621679185957"><span class="hs-identifier hs-var">x</span></a><span> </span><span class="hs-special">]</span><span> </span><a href="file:///home/coot/.ghcup/ghc/8.6.5/share/doc/ghc-8.6.5/html/libraries/base-4.12.0.0/src/GHC.Base.html#%3C%3E"><span class="hs-operator hs-var">&lt;&gt;</span></a><span>
</span><a name="line-54"></a><span>    </span><span class="hs-special">[</span><span> </span><span class="hs-string">&quot;, &quot;</span><span> </span><a href="file:///home/coot/.ghcup/ghc/8.6.5/share/doc/ghc-8.6.5/html/libraries/base-4.12.0.0/src/GHC.Base.html#%3C%3E"><span class="hs-operator hs-var">&lt;&gt;</span></a><span> </span><a href="file:///home/coot/.ghcup/ghc/8.6.5/share/doc/ghc-8.6.5/html/libraries/base-4.12.0.0/src/GHC.Show.html#show"><span class="hs-identifier hs-var">show</span></a><span> </span><a href="#local-6989586621679185959"><span class="hs-identifier hs-var">y</span></a><span> </span><span class="hs-glyph">|</span><span> </span><a name="local-6989586621679185959"><a href="#local-6989586621679185959"><span class="hs-identifier">y</span></a></a><span> </span><span class="hs-glyph">&lt;-</span><span> </span><a href="#local-6989586621679185958"><span class="hs-identifier hs-var">ys</span></a><span> </span><span class="hs-special">]</span><span> </span><a href="file:///home/coot/.ghcup/ghc/8.6.5/share/doc/ghc-8.6.5/html/libraries/base-4.12.0.0/src/GHC.Base.html#%3C%3E"><span class="hs-operator hs-var">&lt;&gt;</span></a><span>
</span><a name="line-55"></a><span>    </span><span class="hs-special">[</span><span> </span><span class="hs-string">&quot;]&quot;</span><span> </span><span class="hs-special">]</span><span>
</span><a name="line-56"></a><span>
</span><a name="line-57"></a><span class="hs-keyword">deriving</span><span> </span><span class="hs-keyword">instance</span><span> </span><a href="file:///home/coot/.ghcup/ghc/8.6.5/share/doc/ghc-8.6.5/html/libraries/base-4.12.0.0/src/GHC.Generics.html#Generic"><span class="hs-identifier hs-type">Generic</span></a><span> </span><a href="file:///home/coot/.cabal/store/ghc-8.6.5/cborg-0.2.2.1-406c2e0420cb72846af05d9ad9c1821006ee50212babaa21afe2f9f9124a228d/share/doc/html/src/Codec.CBOR.FlatTerm.html#TermToken"><span class="hs-identifier hs-type">TermToken</span></a><span>
</span><a name="line-58"></a><span class="hs-keyword">deriving</span><span> </span><span class="hs-keyword">instance</span><span> </span><a href="file:///home/coot/.cabal/store/ghc-8.6.5/tree-diff-0.1-70f3c8ea54edcdb0e71cc387482cc844420526c9662dec84da33cec0a9ab3232/share/doc/html/src/Data.TreeDiff.Class.html#ToExpr"><span class="hs-identifier hs-type">ToExpr</span></a><span> </span><a href="file:///home/coot/.cabal/store/ghc-8.6.5/cborg-0.2.2.1-406c2e0420cb72846af05d9ad9c1821006ee50212babaa21afe2f9f9124a228d/share/doc/html/src/Codec.CBOR.FlatTerm.html#TermToken"><span class="hs-identifier hs-type">TermToken</span></a><span>
</span><a name="line-59"></a></pre></body></html>